
**** Build of configuration Debug for project hello_world_0 ****

make all 
Building file: ../src/game_logic.c
Invoking: MicroBlaze gcc compiler
mb-gcc -Wall -Os -ffast-math -c -fmessage-length=0 -Wl,--no-relax -I../../standalone_bsp_0/microblaze_0/include -mlittle-endian -mxl-barrel-shift -mxl-pattern-compare -mcpu=v8.40.a -mno-xl-soft-mul -mhard-float -MMD -MP -MF"src/game_logic.d" -MT"src/game_logic.d" -o"src/game_logic.o" "../src/game_logic.c"
In file included from ../src/game_logic.c:7:0:
../src/snd.h: In function 'snd_init':
../src/snd.h:203:2: warning: implicit declaration of function 'mus_play' [-Wimplicit-function-declaration]
In file included from ../src/game_logic.c:7:0:
../src/snd.h: At top level:
../src/snd.h:249:6: warning: conflicting types for 'mus_play' [enabled by default]
../src/snd.h:203:2: note: previous implicit declaration of 'mus_play' was here
In file included from ../src/game_logic.c:18:0:
../src/graphics.h: In function 'copy_poly':
../src/graphics.h:138:2: warning: implicit declaration of function 'memcpy' [-Wimplicit-function-declaration]
../src/graphics.h:138:2: warning: incompatible implicit declaration of built-in function 'memcpy' [enabled by default]
Finished building: ../src/game_logic.c
' '
Building target: hello_world_0.elf
Invoking: MicroBlaze gcc linker
mb-gcc -nodefaultlibs -Wl,--no-relax -Wl,-T -Wl,../src/lscript.ld -L../../standalone_bsp_0/microblaze_0/lib -mlittle-endian -mxl-barrel-shift -mxl-pattern-compare -mcpu=v8.40.a -mno-xl-soft-mul -mhard-float -o"hello_world_0.elf"  ./src/game_logic.o ./src/helloworld.o ./src/memmgr.o ./src/platform.o ./src/vga.o  ./src/tmrctr_v2_04_a/src/xtmrctr.o ./src/tmrctr_v2_04_a/src/xtmrctr_g.o ./src/tmrctr_v2_04_a/src/xtmrctr_intr.o ./src/tmrctr_v2_04_a/src/xtmrctr_l.o ./src/tmrctr_v2_04_a/src/xtmrctr_options.o ./src/tmrctr_v2_04_a/src/xtmrctr_selftest.o ./src/tmrctr_v2_04_a/src/xtmrctr_stats.o  ./.metadata/.plugins/org.eclipse.cdt.make.core/specs.o   -Wl,--start-group,-lxil,-lgcc,-lc,--end-group
Finished building target: hello_world_0.elf
' '
Invoking: MicroBlaze Print Size
mb-size hello_world_0.elf  |tee "hello_world_0.elf.size"
   text	   data	    bss	    dec	    hex	filename
  28614	   4136	  12336	  45086	   b01e	hello_world_0.elf
Finished building: hello_world_0.elf.size
' '
Invoking: Xilinx ELF Check
elfcheck hello_world_0.elf -hw ../../Astroid_EDK_hw_platform/system.xml -pe microblaze_0  |tee "hello_world_0.elf.elfcheck"
elfcheck
Xilinx EDK 14.2 Build EDK_P.28xd
Copyright (c) 1995-2012 Xilinx, Inc.  All rights reserved.

Command Line: elfcheck -hw ../../Astroid_EDK_hw_platform/system.xml -pe
microblaze_0 hello_world_0.elf 

ELF file	: hello_world_0.elf
elfcheck passed.
Finished building: hello_world_0.elf.elfcheck
' '
