C:\temp\env\base_system\Astroid_EDK\implementation\system.ngc 1411728924
C:/temp/env/base_system/Astroid_EDK/implementation/system_push_buttons_4bits_wrapper.ngc 1411728813
C:/temp/env/base_system/Astroid_EDK/implementation/system_dip_switches_8bits_wrapper.ngc 1411728829
C:/temp/env/base_system/Astroid_EDK/implementation/system_rs232_uart_1_wrapper.ngc 1411728806
C:/temp/env/base_system/Astroid_EDK/implementation/system_proc_sys_reset_0_wrapper.ngc 1411728706
C:/temp/env/base_system/Astroid_EDK/implementation/system_clock_generator_0_wrapper.ngc 1411728895
C:/temp/env/base_system/Astroid_EDK/implementation/system_microblaze_0_ilmb_wrapper.ngc 1411728885
C:/temp/env/base_system/Astroid_EDK/implementation/system_microblaze_0_dlmb_wrapper.ngc 1411728888
C:/temp/env/base_system/Astroid_EDK/implementation/system_axi4lite_0_wrapper.ngc 1411728899
C:/temp/env/base_system/Astroid_EDK/implementation/system_microblaze_0_wrapper.ngc 1411728892
C:/temp/env/base_system/Astroid_EDK/implementation/system_microblaze_0_i_bram_ctrl_wrapper.ngc 1411728717
C:/temp/env/base_system/Astroid_EDK/implementation/system_microblaze_0_d_bram_ctrl_wrapper.ngc 1411728728
C:/temp/env/base_system/Astroid_EDK/implementation/system_debug_module_wrapper.ngc 1411728773
C:/temp/env/base_system/Astroid_EDK/implementation/system_axi_timer_0_wrapper.ngc 1411728787
C:/temp/env/base_system/Astroid_EDK/implementation/system_leds_8bits_wrapper.ngc 1411728821
C:/temp/env/base_system/Astroid_EDK/implementation/system_axi_lite_slave_0_wrapper.ngc 1411728881
C:/temp/env/base_system/Astroid_EDK/implementation/system_microblaze_0_bram_block_wrapper.ngc 1411728734
OK
