C:\temp\EDA385\env\base_system\Astroid_EDK\implementation\system.ngc 1413220386
C:/temp/EDA385/env/base_system/Astroid_EDK/implementation/system_push_buttons_4bits_wrapper.ngc 1413220341
C:/temp/EDA385/env/base_system/Astroid_EDK/implementation/system_dip_switches_8bits_wrapper.ngc 1413220341
C:/temp/EDA385/env/base_system/Astroid_EDK/implementation/system_rs232_uart_1_wrapper.ngc 1413220341
C:/temp/EDA385/env/base_system/Astroid_EDK/implementation/system_proc_sys_reset_0_wrapper.ngc 1413220341
C:/temp/EDA385/env/base_system/Astroid_EDK/implementation/system_clock_generator_0_wrapper.ngc 1413220361
C:/temp/EDA385/env/base_system/Astroid_EDK/implementation/system_microblaze_0_ilmb_wrapper.ngc 1413220341
C:/temp/EDA385/env/base_system/Astroid_EDK/implementation/system_microblaze_0_dlmb_wrapper.ngc 1413220341
C:/temp/EDA385/env/base_system/Astroid_EDK/implementation/system_axi4lite_0_wrapper.ngc 1413220341
C:/temp/EDA385/env/base_system/Astroid_EDK/implementation/system_microblaze_0_wrapper.ngc 1413220341
C:/temp/EDA385/env/base_system/Astroid_EDK/implementation/system_axi_lite_slave_0_wrapper.ngc 1413220341
C:/temp/EDA385/env/base_system/Astroid_EDK/implementation/system_microblaze_0_i_bram_ctrl_wrapper.ngc 1413220341
C:/temp/EDA385/env/base_system/Astroid_EDK/implementation/system_bram_cntlr_1_wrapper.ngc 1413220341
C:/temp/EDA385/env/base_system/Astroid_EDK/implementation/system_microblaze_0_d_bram_ctrl_wrapper.ngc 1413220341
C:/temp/EDA385/env/base_system/Astroid_EDK/implementation/system_bram_cntlr_0_wrapper.ngc 1413220341
C:/temp/EDA385/env/base_system/Astroid_EDK/implementation/system_debug_module_0_wrapper.ngc 1413220341
C:/temp/EDA385/env/base_system/Astroid_EDK/implementation/system_axi_timer_0_wrapper.ngc 1413220341
C:/temp/EDA385/env/base_system/Astroid_EDK/implementation/system_axi_gpio_0_wrapper.ngc 1413220341
C:/temp/EDA385/env/base_system/Astroid_EDK/implementation/system_snd_controller_0_wrapper.ngc 1413220341
C:/temp/EDA385/env/base_system/Astroid_EDK/implementation/system_microblaze_0_bram_block_wrapper.ngc 1413220341
C:/temp/EDA385/env/base_system/Astroid_EDK/implementation/system_bram_block_0_wrapper.ngc 1413220341
OK
