C:\temp\EDA385\env\base_system\Astroid_EDK\implementation\system.ngc 1413287602
C:/temp/EDA385/env/base_system/Astroid_EDK/implementation/system_push_buttons_4bits_wrapper.ngc 1413287551
C:/temp/EDA385/env/base_system/Astroid_EDK/implementation/system_dip_switches_8bits_wrapper.ngc 1413287559
C:/temp/EDA385/env/base_system/Astroid_EDK/implementation/system_rs232_uart_1_wrapper.ngc 1413287543
C:/temp/EDA385/env/base_system/Astroid_EDK/implementation/system_proc_sys_reset_0_wrapper.ngc 1413287260
C:/temp/EDA385/env/base_system/Astroid_EDK/implementation/system_clock_generator_0_wrapper.ngc 1413287573
C:/temp/EDA385/env/base_system/Astroid_EDK/implementation/system_microblaze_0_ilmb_wrapper.ngc 1413287563
C:/temp/EDA385/env/base_system/Astroid_EDK/implementation/system_microblaze_0_dlmb_wrapper.ngc 1413287566
C:/temp/EDA385/env/base_system/Astroid_EDK/implementation/system_axi4lite_0_wrapper.ngc 1413287577
C:/temp/EDA385/env/base_system/Astroid_EDK/implementation/system_microblaze_0_wrapper.ngc 1413287570
C:/temp/EDA385/env/base_system/Astroid_EDK/implementation/system_axi_lite_slave_0_wrapper.ngc 1413287404
C:/temp/EDA385/env/base_system/Astroid_EDK/implementation/system_microblaze_0_i_bram_ctrl_wrapper.ngc 1413287272
C:/temp/EDA385/env/base_system/Astroid_EDK/implementation/system_bram_cntlr_1_wrapper.ngc 1413287344
C:/temp/EDA385/env/base_system/Astroid_EDK/implementation/system_microblaze_0_d_bram_ctrl_wrapper.ngc 1413287283
C:/temp/EDA385/env/base_system/Astroid_EDK/implementation/system_bram_cntlr_0_wrapper.ngc 1413287350
C:/temp/EDA385/env/base_system/Astroid_EDK/implementation/system_debug_module_0_wrapper.ngc 1413287333
C:/temp/EDA385/env/base_system/Astroid_EDK/implementation/system_snd_mixer_0_wrapper.ngc 1413287242
C:/temp/EDA385/env/base_system/Astroid_EDK/implementation/system_snd_controller_1_wrapper.ngc 1413287248
C:/temp/EDA385/env/base_system/Astroid_EDK/implementation/system_snd_controller_0_wrapper.ngc 1413287255
C:/temp/EDA385/env/base_system/Astroid_EDK/implementation/system_axi_timer_0_wrapper.ngc 1413287365
C:/temp/EDA385/env/base_system/Astroid_EDK/implementation/system_axi_gpio_0_wrapper.ngc 1413287412
C:/temp/EDA385/env/base_system/Astroid_EDK/implementation/system_microblaze_0_bram_block_wrapper.ngc 1413287289
C:/temp/EDA385/env/base_system/Astroid_EDK/implementation/system_bram_block_0_wrapper.ngc 1413287356
OK
